  Determining projects to restore...
  All projects are up-to-date for restore.
  Mojaz.Domain -> C:\Users\ALlahabi\Desktop\cmder\Mojaz\src\backend\Mojaz.Domain\bin\Debug\net8.0\Mojaz.Domain.dll
  Mojaz.Shared -> C:\Users\ALlahabi\Desktop\cmder\Mojaz\src\backend\Mojaz.Shared\bin\Debug\net8.0\Mojaz.Shared.dll
  Mojaz.Domain.Tests -> C:\Users\ALlahabi\Desktop\cmder\Mojaz\tests\Mojaz.Domain.Tests\bin\Debug\net8.0\Mojaz.Domain.Tests.dll
C:\Users\ALlahabi\Desktop\cmder\Mojaz\src\backend\Mojaz.Application\Mappings\PaymentProfile.cs(2,30): error CS0234: The type or namespace name 'Payment' does not exist in the namespace 'Mojaz.Application.DTOs' (are you missing an assembly reference?) [C:\Users\ALlahabi\Desktop\cmder\Mojaz\src\backend\Mojaz.Application\Mojaz.Application.csproj]
C:\Users\ALlahabi\Desktop\cmder\Mojaz\src\backend\Mojaz.Application\Validators\Payments\PaymentConfirmRequestValidator.cs(2,30): error CS0234: The type or namespace name 'Payment' does not exist in the namespace 'Mojaz.Application.DTOs' (are you missing an assembly reference?) [C:\Users\ALlahabi\Desktop\cmder\Mojaz\src\backend\Mojaz.Application\Mojaz.Application.csproj]
C:\Users\ALlahabi\Desktop\cmder\Mojaz\src\backend\Mojaz.Application\Validators\Payments\PaymentInitiateRequestValidator.cs(2,30): error CS0234: The type or namespace name 'Payment' does not exist in the namespace 'Mojaz.Application.DTOs' (are you missing an assembly reference?) [C:\Users\ALlahabi\Desktop\cmder\Mojaz\src\backend\Mojaz.Application\Mojaz.Application.csproj]
C:\Users\ALlahabi\Desktop\cmder\Mojaz\src\backend\Mojaz.Application\Validators\Payments\PaymentConfirmRequestValidator.cs(6,65): error CS0246: The type or namespace name 'PaymentConfirmRequest' could not be found (are you missing a using directive or an assembly reference?) [C:\Users\ALlahabi\Desktop\cmder\Mojaz\src\backend\Mojaz.Application\Mojaz.Application.csproj]
C:\Users\ALlahabi\Desktop\cmder\Mojaz\src\backend\Mojaz.Application\Validators\Payments\PaymentInitiateRequestValidator.cs(7,66): error CS0246: The type or namespace name 'PaymentInitiateRequest' could not be found (are you missing a using directive or an assembly reference?) [C:\Users\ALlahabi\Desktop\cmder\Mojaz\src\backend\Mojaz.Application\Mojaz.Application.csproj]

Build FAILED.

C:\Users\ALlahabi\Desktop\cmder\Mojaz\src\backend\Mojaz.Application\Mappings\PaymentProfile.cs(2,30): error CS0234: The type or namespace name 'Payment' does not exist in the namespace 'Mojaz.Application.DTOs' (are you missing an assembly reference?) [C:\Users\ALlahabi\Desktop\cmder\Mojaz\src\backend\Mojaz.Application\Mojaz.Application.csproj]
C:\Users\ALlahabi\Desktop\cmder\Mojaz\src\backend\Mojaz.Application\Validators\Payments\PaymentConfirmRequestValidator.cs(2,30): error CS0234: The type or namespace name 'Payment' does not exist in the namespace 'Mojaz.Application.DTOs' (are you missing an assembly reference?) [C:\Users\ALlahabi\Desktop\cmder\Mojaz\src\backend\Mojaz.Application\Mojaz.Application.csproj]
C:\Users\ALlahabi\Desktop\cmder\Mojaz\src\backend\Mojaz.Application\Validators\Payments\PaymentInitiateRequestValidator.cs(2,30): error CS0234: The type or namespace name 'Payment' does not exist in the namespace 'Mojaz.Application.DTOs' (are you missing an assembly reference?) [C:\Users\ALlahabi\Desktop\cmder\Mojaz\src\backend\Mojaz.Application\Mojaz.Application.csproj]
C:\Users\ALlahabi\Desktop\cmder\Mojaz\src\backend\Mojaz.Application\Validators\Payments\PaymentConfirmRequestValidator.cs(6,65): error CS0246: The type or namespace name 'PaymentConfirmRequest' could not be found (are you missing a using directive or an assembly reference?) [C:\Users\ALlahabi\Desktop\cmder\Mojaz\src\backend\Mojaz.Application\Mojaz.Application.csproj]
C:\Users\ALlahabi\Desktop\cmder\Mojaz\src\backend\Mojaz.Application\Validators\Payments\PaymentInitiateRequestValidator.cs(7,66): error CS0246: The type or namespace name 'PaymentInitiateRequest' could not be found (are you missing a using directive or an assembly reference?) [C:\Users\ALlahabi\Desktop\cmder\Mojaz\src\backend\Mojaz.Application\Mojaz.Application.csproj]
    0 Warning(s)
    5 Error(s)

Time Elapsed 00:00:51.70
