  Determining projects to restore...
  All projects are up-to-date for restore.
  Mojaz.Shared -> C:\Users\ALlahabi\Desktop\cmder\Mojaz\src\backend\Mojaz.Shared\bin\Debug\net8.0\Mojaz.Shared.dll
  Mojaz.Domain -> C:\Users\ALlahabi\Desktop\cmder\Mojaz\src\backend\Mojaz.Domain\bin\Debug\net8.0\Mojaz.Domain.dll
  Mojaz.Domain.Tests -> C:\Users\ALlahabi\Desktop\cmder\Mojaz\tests\Mojaz.Domain.Tests\bin\Debug\net8.0\Mojaz.Domain.Tests.dll
C:\Users\ALlahabi\Desktop\cmder\Mojaz\src\backend\Mojaz.Application\Services\PaymentService.cs(90,93): warning CS8601: Possible null reference assignment. [C:\Users\ALlahabi\Desktop\cmder\Mojaz\src\backend\Mojaz.Application\Mojaz.Application.csproj]
C:\Users\ALlahabi\Desktop\cmder\Mojaz\src\backend\Mojaz.Application\Services\PaymentService.cs(96,159): warning CS8601: Possible null reference assignment. [C:\Users\ALlahabi\Desktop\cmder\Mojaz\src\backend\Mojaz.Application\Mojaz.Application.csproj]
C:\Users\ALlahabi\Desktop\cmder\Mojaz\src\backend\Mojaz.Application\Services\AuthService.cs(54,21): warning CS8601: Possible null reference assignment. [C:\Users\ALlahabi\Desktop\cmder\Mojaz\src\backend\Mojaz.Application\Mojaz.Application.csproj]
C:\Users\ALlahabi\Desktop\cmder\Mojaz\src\backend\Mojaz.Application\Services\AuthService.cs(55,27): warning CS8601: Possible null reference assignment. [C:\Users\ALlahabi\Desktop\cmder\Mojaz\src\backend\Mojaz.Application\Mojaz.Application.csproj]
C:\Users\ALlahabi\Desktop\cmder\Mojaz\src\backend\Mojaz.Application\Services\AuthService.cs(167,13): error CS0019: Operator '==' cannot be applied to operands of type 'Guid' and 'int' [C:\Users\ALlahabi\Desktop\cmder\Mojaz\src\backend\Mojaz.Application\Mojaz.Application.csproj]
C:\Users\ALlahabi\Desktop\cmder\Mojaz\src\backend\Mojaz.Application\Services\AuthService.cs(180,55): error CS1503: Argument 1: cannot convert from 'int' to 'System.Guid' [C:\Users\ALlahabi\Desktop\cmder\Mojaz\src\backend\Mojaz.Application\Mojaz.Application.csproj]
C:\Users\ALlahabi\Desktop\cmder\Mojaz\src\backend\Mojaz.Application\Services\AuthService.cs(207,55): error CS1503: Argument 1: cannot convert from 'int' to 'System.Guid' [C:\Users\ALlahabi\Desktop\cmder\Mojaz\src\backend\Mojaz.Application\Mojaz.Application.csproj]
C:\Users\ALlahabi\Desktop\cmder\Mojaz\src\backend\Mojaz.Application\Services\AuthService.cs(292,13): error CS0019: Operator '==' cannot be applied to operands of type 'Guid' and 'int' [C:\Users\ALlahabi\Desktop\cmder\Mojaz\src\backend\Mojaz.Application\Mojaz.Application.csproj]
C:\Users\ALlahabi\Desktop\cmder\Mojaz\src\backend\Mojaz.Application\Services\AuthService.cs(302,55): error CS1503: Argument 1: cannot convert from 'int' to 'System.Guid' [C:\Users\ALlahabi\Desktop\cmder\Mojaz\src\backend\Mojaz.Application\Mojaz.Application.csproj]

Build FAILED.

C:\Users\ALlahabi\Desktop\cmder\Mojaz\src\backend\Mojaz.Application\Services\PaymentService.cs(90,93): warning CS8601: Possible null reference assignment. [C:\Users\ALlahabi\Desktop\cmder\Mojaz\src\backend\Mojaz.Application\Mojaz.Application.csproj]
C:\Users\ALlahabi\Desktop\cmder\Mojaz\src\backend\Mojaz.Application\Services\PaymentService.cs(96,159): warning CS8601: Possible null reference assignment. [C:\Users\ALlahabi\Desktop\cmder\Mojaz\src\backend\Mojaz.Application\Mojaz.Application.csproj]
C:\Users\ALlahabi\Desktop\cmder\Mojaz\src\backend\Mojaz.Application\Services\AuthService.cs(54,21): warning CS8601: Possible null reference assignment. [C:\Users\ALlahabi\Desktop\cmder\Mojaz\src\backend\Mojaz.Application\Mojaz.Application.csproj]
C:\Users\ALlahabi\Desktop\cmder\Mojaz\src\backend\Mojaz.Application\Services\AuthService.cs(55,27): warning CS8601: Possible null reference assignment. [C:\Users\ALlahabi\Desktop\cmder\Mojaz\src\backend\Mojaz.Application\Mojaz.Application.csproj]
C:\Users\ALlahabi\Desktop\cmder\Mojaz\src\backend\Mojaz.Application\Services\AuthService.cs(167,13): error CS0019: Operator '==' cannot be applied to operands of type 'Guid' and 'int' [C:\Users\ALlahabi\Desktop\cmder\Mojaz\src\backend\Mojaz.Application\Mojaz.Application.csproj]
C:\Users\ALlahabi\Desktop\cmder\Mojaz\src\backend\Mojaz.Application\Services\AuthService.cs(180,55): error CS1503: Argument 1: cannot convert from 'int' to 'System.Guid' [C:\Users\ALlahabi\Desktop\cmder\Mojaz\src\backend\Mojaz.Application\Mojaz.Application.csproj]
C:\Users\ALlahabi\Desktop\cmder\Mojaz\src\backend\Mojaz.Application\Services\AuthService.cs(207,55): error CS1503: Argument 1: cannot convert from 'int' to 'System.Guid' [C:\Users\ALlahabi\Desktop\cmder\Mojaz\src\backend\Mojaz.Application\Mojaz.Application.csproj]
C:\Users\ALlahabi\Desktop\cmder\Mojaz\src\backend\Mojaz.Application\Services\AuthService.cs(292,13): error CS0019: Operator '==' cannot be applied to operands of type 'Guid' and 'int' [C:\Users\ALlahabi\Desktop\cmder\Mojaz\src\backend\Mojaz.Application\Mojaz.Application.csproj]
C:\Users\ALlahabi\Desktop\cmder\Mojaz\src\backend\Mojaz.Application\Services\AuthService.cs(302,55): error CS1503: Argument 1: cannot convert from 'int' to 'System.Guid' [C:\Users\ALlahabi\Desktop\cmder\Mojaz\src\backend\Mojaz.Application\Mojaz.Application.csproj]
    4 Warning(s)
    5 Error(s)

Time Elapsed 00:00:25.36
